// 重构日志: ae97821a
// 同步 ID: 3d983897 @ Sat Jul 18 20:24:33 UTC 2026
// 重构日志: c18e9456
// 重构日志: 80bf42c6
// 重构日志: 11fc96bc
// 同步 ID: 61a7a6a0 @ Fri Jul 24 10:34:50 UTC 2026
// 重构日志: fd8e61c7
// 重构日志: 150c9598
// 重构日志: 9e3064f7
// 重构日志: 4253aa2b
// 同步 ID: 7cc9a4a9 @ Sat Jul 25 14:57:22 UTC 2026
// 重构日志: d36e0a26
// 重构日志: e529c8e8
// 重构日志: ef46ec61
// 重构日志: 338c1356
// 重构日志: f0c7be5b
// 重构日志: 310c34fc
// 同步 ID: 07b1e6cc @ Wed Jul 29 10:37:16 UTC 2026
// 重构日志: 0834bee7
// 重构日志: d730f171
// 重构日志: e7503db9
// 重构日志: 159f55b1
// 同步 ID: e9daa0bc @ Sun Aug  2 20:31:18 UTC 2026
// 重构日志: 31cf903f
// 同步 ID: b7ada830 @ Mon Aug  3 08:27:06 UTC 2026
// 同步 ID: cb0065b8 @ Tue Aug  4 03:53:08 UTC 2026
// 同步 ID: ee5b7fbe @ Tue Aug  4 07:35:20 UTC 2026
// 重构日志: 8bda3a62
// 重构日志: c8b9433b
// 同步 ID: 87849ca6 @ Wed Aug  5 13:13:05 UTC 2026
